{
  "title": "deploy",
  "example": "Our engineering team plans to deploy the latest security patch to all network devices overnight to minimize downtime and protect against potential cyber threats."
}